--------------------------------------------------------------------------------
Lattice Synthesis Timing Report, Version  
Thu Mar 09 19:53:05 2017

Copyright (c) 1991-1994 by NeoCAD Inc. All rights reserved.
Copyright (c) 1995 AT&T Corp.   All rights reserved.
Copyright (c) 1995-2001 Lucent Technologies Inc.  All rights reserved.
Copyright (c) 2001 Agere Systems   All rights reserved.
Copyright (c) 2002-2012 Lattice Semiconductor Corporation,  All rights reserved.

Report Information
------------------
Design:     IR_RS232_SW
Constraint file:  
Report level:    verbose report, limited to 3 items per constraint
--------------------------------------------------------------------------------



================================================================================
Constraint: create_clock -period 5.000000 -name clk3 [get_nets srclk_c]
            7 items scored, 0 timing errors detected.
--------------------------------------------------------------------------------


Passed:  The following path meets requirements by 3.075ns

 Logical Details:  Cell type  Pin type       Cell name  (clock net +/-)

   Source:         IFS1P3DX   SCLK           \hc595_u/qa0_23  (from srclk +)
   Destination:    FD1S3AX    D              \hc595_u/qb0_24  (to srclk +)

   Delay:                   1.765ns  (32.1% logic, 67.9% route), 1 logic levels.

 Constraint Details:

      1.765ns data_path \hc595_u/qa0_23 to \hc595_u/qb0_24 meets
      5.000ns delay constraint less
      0.160ns L_S requirement (totaling 4.840ns) by 3.075ns

 Path Details: \hc595_u/qa0_23 to \hc595_u/qb0_24

   Name    Fanout   Delay (ns)          Pins               Resource(Cell.Net)
I_CO        ---     0.567           SCLK to Q              \hc595_u/qa0_23 (from srclk)
Route         2   e 1.198                                  qa0
                  --------
                    1.765  (32.1% logic, 67.9% route), 1 logic levels.


Passed:  The following path meets requirements by 3.198ns

 Logical Details:  Cell type  Pin type       Cell name  (clock net +/-)

   Source:         FD1S3AX    CK             \hc595_u/qb0_24  (from srclk +)
   Destination:    FD1S3AX    D              \hc595_u/qc0_25  (to srclk +)

   Delay:                   1.642ns  (27.0% logic, 73.0% route), 1 logic levels.

 Constraint Details:

      1.642ns data_path \hc595_u/qb0_24 to \hc595_u/qc0_25 meets
      5.000ns delay constraint less
      0.160ns L_S requirement (totaling 4.840ns) by 3.198ns

 Path Details: \hc595_u/qb0_24 to \hc595_u/qc0_25

   Name    Fanout   Delay (ns)          Pins               Resource(Cell.Net)
L_CO        ---     0.444             CK to Q              \hc595_u/qb0_24 (from srclk)
Route         2   e 1.198                                  qb0
                  --------
                    1.642  (27.0% logic, 73.0% route), 1 logic levels.


Passed:  The following path meets requirements by 3.198ns

 Logical Details:  Cell type  Pin type       Cell name  (clock net +/-)

   Source:         FD1S3AX    CK             \hc595_u/qc0_25  (from srclk +)
   Destination:    FD1S3AX    D              \hc595_u/qd0_26  (to srclk +)

   Delay:                   1.642ns  (27.0% logic, 73.0% route), 1 logic levels.

 Constraint Details:

      1.642ns data_path \hc595_u/qc0_25 to \hc595_u/qd0_26 meets
      5.000ns delay constraint less
      0.160ns L_S requirement (totaling 4.840ns) by 3.198ns

 Path Details: \hc595_u/qc0_25 to \hc595_u/qd0_26

   Name    Fanout   Delay (ns)          Pins               Resource(Cell.Net)
L_CO        ---     0.444             CK to Q              \hc595_u/qc0_25 (from srclk)
Route         2   e 1.198                                  qc0
                  --------
                    1.642  (27.0% logic, 73.0% route), 1 logic levels.

Report: 1.925 ns is the maximum delay for this constraint.



================================================================================
Constraint: create_clock -period 5.000000 -name clk2 [get_nets clock_count[15]]
            452 items scored, 452 timing errors detected.
--------------------------------------------------------------------------------


Error:  The following path violates requirements by 2.284ns

 Logical Details:  Cell type  Pin type       Cell name  (clock net +/-)

   Source:         FD1S3IX    CK             \check_IR_defv6/H_count_1495__i0  (from clock_count_1473__i15 +)
   Destination:    FD1S3IX    CD             \check_IR_defv6/L_count_1496__i0  (to clock_count_1473__i15 +)

   Delay:                   7.124ns  (27.0% logic, 73.0% route), 4 logic levels.

 Constraint Details:

      7.124ns data_path \check_IR_defv6/H_count_1495__i0 to \check_IR_defv6/L_count_1496__i0 violates
      5.000ns delay constraint less
      0.160ns L_S requirement (totaling 4.840ns) by 2.284ns

 Path Details: \check_IR_defv6/H_count_1495__i0 to \check_IR_defv6/L_count_1496__i0

   Name    Fanout   Delay (ns)          Pins               Resource(Cell.Net)
L_CO        ---     0.444             CK to Q              \check_IR_defv6/H_count_1495__i0 (from clock_count_1473__i15)
Route         6   e 1.515                                  \check_IR_defv6/H_count[0]
LUT4        ---     0.493              B to Z              \check_IR_defv6/i27810_2_lut
Route         1   e 0.941                                  \check_IR_defv6/n29575
LUT4        ---     0.493              A to Z              \check_IR_defv6/i4_4_lut
Route         4   e 1.340                                  \check_IR_defv6/n9
LUT4        ---     0.493              C to Z              \check_IR_defv6/i890_3_lut
Route         5   e 1.405                                  \check_IR_defv6/n1909
                  --------
                    7.124  (27.0% logic, 73.0% route), 4 logic levels.


Error:  The following path violates requirements by 2.284ns

 Logical Details:  Cell type  Pin type       Cell name  (clock net +/-)

   Source:         FD1S3IX    CK             \check_IR_defv6/H_count_1495__i0  (from clock_count_1473__i15 +)
   Destination:    FD1S3IX    CD             \check_IR_defv6/H_count_1495__i0  (to clock_count_1473__i15 +)

   Delay:                   7.124ns  (27.0% logic, 73.0% route), 4 logic levels.

 Constraint Details:

      7.124ns data_path \check_IR_defv6/H_count_1495__i0 to \check_IR_defv6/H_count_1495__i0 violates
      5.000ns delay constraint less
      0.160ns L_S requirement (totaling 4.840ns) by 2.284ns

 Path Details: \check_IR_defv6/H_count_1495__i0 to \check_IR_defv6/H_count_1495__i0

   Name    Fanout   Delay (ns)          Pins               Resource(Cell.Net)
L_CO        ---     0.444             CK to Q              \check_IR_defv6/H_count_1495__i0 (from clock_count_1473__i15)
Route         6   e 1.515                                  \check_IR_defv6/H_count[0]
LUT4        ---     0.493              B to Z              \check_IR_defv6/i27810_2_lut
Route         1   e 0.941                                  \check_IR_defv6/n29575
LUT4        ---     0.493              A to Z              \check_IR_defv6/i4_4_lut
Route         4   e 1.340                                  \check_IR_defv6/n9
LUT4        ---     0.493              B to Z              \check_IR_defv6/i28048_2_lut
Route         5   e 1.405                                  \check_IR_defv6/n4437
                  --------
                    7.124  (27.0% logic, 73.0% route), 4 logic levels.


Error:  The following path violates requirements by 2.284ns

 Logical Details:  Cell type  Pin type       Cell name  (clock net +/-)

   Source:         FD1S3IX    CK             \check_IR_defv6/H_count_1495__i0  (from clock_count_1473__i15 +)
   Destination:    FD1S3IX    CD             \check_IR_defv6/L_count_1496__i4  (to clock_count_1473__i15 +)

   Delay:                   7.124ns  (27.0% logic, 73.0% route), 4 logic levels.

 Constraint Details:

      7.124ns data_path \check_IR_defv6/H_count_1495__i0 to \check_IR_defv6/L_count_1496__i4 violates
      5.000ns delay constraint less
      0.160ns L_S requirement (totaling 4.840ns) by 2.284ns

 Path Details: \check_IR_defv6/H_count_1495__i0 to \check_IR_defv6/L_count_1496__i4

   Name    Fanout   Delay (ns)          Pins               Resource(Cell.Net)
L_CO        ---     0.444             CK to Q              \check_IR_defv6/H_count_1495__i0 (from clock_count_1473__i15)
Route         6   e 1.515                                  \check_IR_defv6/H_count[0]
LUT4        ---     0.493              B to Z              \check_IR_defv6/i27810_2_lut
Route         1   e 0.941                                  \check_IR_defv6/n29575
LUT4        ---     0.493              A to Z              \check_IR_defv6/i4_4_lut
Route         4   e 1.340                                  \check_IR_defv6/n9
LUT4        ---     0.493              C to Z              \check_IR_defv6/i890_3_lut
Route         5   e 1.405                                  \check_IR_defv6/n1909
                  --------
                    7.124  (27.0% logic, 73.0% route), 4 logic levels.

Warning: 7.284 ns is the maximum delay for this constraint.



================================================================================
Constraint: create_clock -period 5.000000 -name clk1 [get_nets rclk_c]
            0 items scored, 0 timing errors detected.
--------------------------------------------------------------------------------


================================================================================
Constraint: create_clock -period 5.000000 -name clk0 [get_nets clk_c]
            1058 items scored, 1058 timing errors detected.
--------------------------------------------------------------------------------


Error:  The following path violates requirements by 4.850ns

 Logical Details:  Cell type  Pin type       Cell name  (clock net +/-)

   Source:         FD1P3AX    CK             bps_sel_i0_i2  (from clk +)
   Destination:    FD1S3IX    CD             \uart_u2/speed_tx/cnt_1508__i0  (to clk +)

   Delay:                   9.690ns  (35.9% logic, 64.1% route), 9 logic levels.

 Constraint Details:

      9.690ns data_path bps_sel_i0_i2 to \uart_u2/speed_tx/cnt_1508__i0 violates
      5.000ns delay constraint less
      0.160ns L_S requirement (totaling 4.840ns) by 4.850ns

 Path Details: bps_sel_i0_i2 to \uart_u2/speed_tx/cnt_1508__i0

   Name    Fanout   Delay (ns)          Pins               Resource(Cell.Net)
L_CO        ---     0.444             CK to Q              bps_sel_i0_i2 (from clk)
Route        16   e 1.873                                  bps_sel[2]
LUT4        ---     0.493              B to Z              \uart_u2/speed_tx/i1_2_lut
Route         1   e 0.941                                  \uart_u2/speed_tx/n5
A1_TO_FCO   ---     0.827           A[2] to COUT           \uart_u2/speed_tx/sub_1294_add_2_5
Route         1   e 0.020                                  \uart_u2/speed_tx/n28806
FCI_TO_FCO  ---     0.157            CIN to COUT           \uart_u2/speed_tx/sub_1294_add_2_7
Route         1   e 0.020                                  \uart_u2/speed_tx/n28807
FCI_TO_FCO  ---     0.157            CIN to COUT           \uart_u2/speed_tx/sub_1294_add_2_9
Route         1   e 0.020                                  \uart_u2/speed_tx/n28808
FCI_TO_FCO  ---     0.157            CIN to COUT           \uart_u2/speed_tx/sub_1294_add_2_11
Route         1   e 0.020                                  \uart_u2/speed_tx/n28809
FCI_TO_FCO  ---     0.157            CIN to COUT           \uart_u2/speed_tx/sub_1294_add_2_13
Route         1   e 0.020                                  \uart_u2/speed_tx/n28810
FCI_TO_F    ---     0.598            CIN to S[2]           \uart_u2/speed_tx/sub_1294_add_2_15
Route         2   e 1.486                                  \uart_u2/speed_tx/n72
LUT4        ---     0.493              A to Z              \uart_u2/speed_tx/i9_2_lut
Route        14   e 1.807                                  \uart_u2/speed_tx/n23
                  --------
                    9.690  (35.9% logic, 64.1% route), 9 logic levels.


Error:  The following path violates requirements by 4.850ns

 Logical Details:  Cell type  Pin type       Cell name  (clock net +/-)

   Source:         FD1P3AX    CK             bps_sel_i0_i2  (from clk +)
   Destination:    FD1S3IX    CD             \uart_u2/speed_tx/cnt_1508__i0  (to clk +)

   Delay:                   9.690ns  (35.9% logic, 64.1% route), 9 logic levels.

 Constraint Details:

      9.690ns data_path bps_sel_i0_i2 to \uart_u2/speed_tx/cnt_1508__i0 violates
      5.000ns delay constraint less
      0.160ns L_S requirement (totaling 4.840ns) by 4.850ns

 Path Details: bps_sel_i0_i2 to \uart_u2/speed_tx/cnt_1508__i0

   Name    Fanout   Delay (ns)          Pins               Resource(Cell.Net)
L_CO        ---     0.444             CK to Q              bps_sel_i0_i2 (from clk)
Route        16   e 1.873                                  bps_sel[2]
LUT4        ---     0.493              B to Z              \uart_u2/speed_tx/i14886_2_lut_rep_137
Route         1   e 0.941                                  \uart_u2/speed_tx/n30168
A1_TO_FCO   ---     0.827           B[2] to COUT           \uart_u2/speed_tx/sub_1294_add_2_5
Route         1   e 0.020                                  \uart_u2/speed_tx/n28806
FCI_TO_FCO  ---     0.157            CIN to COUT           \uart_u2/speed_tx/sub_1294_add_2_7
Route         1   e 0.020                                  \uart_u2/speed_tx/n28807
FCI_TO_FCO  ---     0.157            CIN to COUT           \uart_u2/speed_tx/sub_1294_add_2_9
Route         1   e 0.020                                  \uart_u2/speed_tx/n28808
FCI_TO_FCO  ---     0.157            CIN to COUT           \uart_u2/speed_tx/sub_1294_add_2_11
Route         1   e 0.020                                  \uart_u2/speed_tx/n28809
FCI_TO_FCO  ---     0.157            CIN to COUT           \uart_u2/speed_tx/sub_1294_add_2_13
Route         1   e 0.020                                  \uart_u2/speed_tx/n28810
FCI_TO_F    ---     0.598            CIN to S[2]           \uart_u2/speed_tx/sub_1294_add_2_15
Route         2   e 1.486                                  \uart_u2/speed_tx/n72
LUT4        ---     0.493              A to Z              \uart_u2/speed_tx/i9_2_lut
Route        14   e 1.807                                  \uart_u2/speed_tx/n23
                  --------
                    9.690  (35.9% logic, 64.1% route), 9 logic levels.


Error:  The following path violates requirements by 4.850ns

 Logical Details:  Cell type  Pin type       Cell name  (clock net +/-)

   Source:         FD1P3AX    CK             bps_sel_i0_i2  (from clk +)
   Destination:    FD1S3IX    CD             \uart_u2/speed_tx/cnt_1508__i0  (to clk +)

   Delay:                   9.690ns  (35.9% logic, 64.1% route), 9 logic levels.

 Constraint Details:

      9.690ns data_path bps_sel_i0_i2 to \uart_u2/speed_tx/cnt_1508__i0 violates
      5.000ns delay constraint less
      0.160ns L_S requirement (totaling 4.840ns) by 4.850ns

 Path Details: bps_sel_i0_i2 to \uart_u2/speed_tx/cnt_1508__i0

   Name    Fanout   Delay (ns)          Pins               Resource(Cell.Net)
L_CO        ---     0.444             CK to Q              bps_sel_i0_i2 (from clk)
Route        16   e 1.873                                  bps_sel[2]
LUT4        ---     0.493              B to Z              \uart_u2/speed_tx/i1_2_lut_3_lut
Route         1   e 0.941                                  \uart_u2/speed_tx/n12
A1_TO_FCO   ---     0.827           B[2] to COUT           \uart_u2/speed_tx/sub_1294_add_2_5
Route         1   e 0.020                                  \uart_u2/speed_tx/n28806
FCI_TO_FCO  ---     0.157            CIN to COUT           \uart_u2/speed_tx/sub_1294_add_2_7
Route         1   e 0.020                                  \uart_u2/speed_tx/n28807
FCI_TO_FCO  ---     0.157            CIN to COUT           \uart_u2/speed_tx/sub_1294_add_2_9
Route         1   e 0.020                                  \uart_u2/speed_tx/n28808
FCI_TO_FCO  ---     0.157            CIN to COUT           \uart_u2/speed_tx/sub_1294_add_2_11
Route         1   e 0.020                                  \uart_u2/speed_tx/n28809
FCI_TO_FCO  ---     0.157            CIN to COUT           \uart_u2/speed_tx/sub_1294_add_2_13
Route         1   e 0.020                                  \uart_u2/speed_tx/n28810
FCI_TO_F    ---     0.598            CIN to S[2]           \uart_u2/speed_tx/sub_1294_add_2_15
Route         2   e 1.486                                  \uart_u2/speed_tx/n72
LUT4        ---     0.493              A to Z              \uart_u2/speed_tx/i9_2_lut
Route        14   e 1.807                                  \uart_u2/speed_tx/n23
                  --------
                    9.690  (35.9% logic, 64.1% route), 9 logic levels.

Warning: 9.850 ns is the maximum delay for this constraint.


Timing Report Summary
--------------
--------------------------------------------------------------------------------
Constraint                              |   Constraint|       Actual|Levels
--------------------------------------------------------------------------------
                                        |             |             |
create_clock -period 5.000000 -name     |             |             |
clk3 [get_nets srclk_c]                 |     5.000 ns|     1.925 ns|     1  
                                        |             |             |
create_clock -period 5.000000 -name     |             |             |
clk2 [get_nets clock_count[15]]         |     5.000 ns|     7.284 ns|     4 *
                                        |             |             |
create_clock -period 5.000000 -name     |             |             |
clk1 [get_nets rclk_c]                  |            -|            -|     0  
                                        |             |             |
create_clock -period 5.000000 -name     |             |             |
clk0 [get_nets clk_c]                   |     5.000 ns|     9.850 ns|     9 *
                                        |             |             |
--------------------------------------------------------------------------------


2 constraints not met.

--------------------------------------------------------------------------------
Critical Nets                           |   Loads|  Errors| % of total
--------------------------------------------------------------------------------
\uart_u2/speed_tx/n23                   |      14|     616|     40.79%
                                        |        |        |
\uart_u2/speed_tx/n72                   |       2|     616|     40.79%
                                        |        |        |
\uart_u2/speed_tx/n28810                |       1|     616|     40.79%
                                        |        |        |
\uart_u2/speed_tx/n28809                |       1|     532|     35.23%
                                        |        |        |
\uart_u2/speed_tx/n28808                |       1|     448|     29.67%
                                        |        |        |
\uart_u2/speed_tx/n28807                |       1|     378|     25.03%
                                        |        |        |
\uart_u2/speed_tx/n28806                |       1|     294|     19.47%
                                        |        |        |
bps_sel[2]                              |      16|     196|     12.98%
                                        |        |        |
bps_sel[0]                              |      15|     182|     12.05%
                                        |        |        |
bps_sel[1]                              |      14|     168|     11.13%
                                        |        |        |
\uart_u2/speed_tx/n28805                |       1|     154|     10.20%
                                        |        |        |
--------------------------------------------------------------------------------


Timing summary:
---------------

Timing errors: 1510  Score: 4198968

Constraints cover  7693 paths, 1593 nets, and 3907 connections (89.5% coverage)


Peak memory: 71856128 bytes, TRCE: 2015232 bytes, DLYMAN: 212992 bytes
CPU_TIME_REPORT: 0 secs 
