

#################### START OF GENERATED CLOCK OPTIMIZATION REPORT ####################[

======================================================================================
                                Instance:Pin        Generated Clock Optimization Status
======================================================================================
             check_IR_defv7.H_count[4:0]:C              Not Done
             check_IR_defv7.L_count[4:0]:C              Not Done
                     check_IR_defv7.defv:C              Not Done
             check_IR_defv6.H_count[4:0]:C              Not Done
             check_IR_defv6.L_count[4:0]:C              Not Done
                     check_IR_defv6.defv:C              Not Done
             check_IR_defv5.H_count[4:0]:C              Not Done
             check_IR_defv5.L_count[4:0]:C              Not Done
                     check_IR_defv5.defv:C              Not Done
             check_IR_defv4.H_count[4:0]:C              Not Done
             check_IR_defv4.L_count[4:0]:C              Not Done
                     check_IR_defv4.defv:C              Not Done
             check_IR_defv3.H_count[4:0]:C              Not Done
             check_IR_defv3.L_count[4:0]:C              Not Done
                     check_IR_defv3.defv:C              Not Done
             check_IR_defv2.H_count[4:0]:C              Not Done
             check_IR_defv2.L_count[4:0]:C              Not Done
                     check_IR_defv2.defv:C              Not Done
             check_IR_defv1.H_count[4:0]:C              Not Done
             check_IR_defv1.L_count[4:0]:C              Not Done
                     check_IR_defv1.defv:C              Not Done
             check_IR_defv0.H_count[4:0]:C              Not Done
             check_IR_defv0.L_count[4:0]:C              Not Done
                     check_IR_defv0.defv:C              Not Done


##################### END OF GENERATED CLOCK OPTIMIZATION REPORT #####################]

